// Jest Snapshot v1, https://goo.gl/fbAQLP

exports[`<Burger /> renders correctly 1`] = `ShallowWrapper {}`;
